*** CheckFeatures log ***
g++ -I../include -I. -g -O2 -std=c++11 -pthread -march=native -o TestGetTime TestGetTime.cpp GetTime1.cpp -lm
running
g++ -I../include -I. -g -O2 -std=c++11 -pthread -march=native -o TestGetPID TestGetPID.cpp GetPID1.cpp -lm
g++ -I../include -I. -g -O2 -std=c++11 -pthread -march=native CheckALIGNED_ARRAY.cpp -o CheckFeatures -lm
g++ -I../include -I. -g -O2 -std=c++11 -pthread -march=native CheckBUILTIN_CLZL.cpp -o CheckFeatures -lm
g++ -I../include -I. -g -O2 -std=c++11 -pthread -march=native CheckLL_TYPE.cpp -o CheckFeatures -lm
g++ -I../include -I. -g -O2 -std=c++11 -pthread -march=native CheckSSSE3.cpp -o CheckFeatures -lm
In file included from CheckSSSE3.cpp:4:
/Library/Developer/CommandLineTools/usr/lib/clang/14.0.3/include/emmintrin.h:14:2: error: "This header is only meant to be used on x86 and x64 architecture"
#error "This header is only meant to be used on x86 and x64 architecture"
 ^
In file included from CheckSSSE3.cpp:4:
In file included from /Library/Developer/CommandLineTools/usr/lib/clang/14.0.3/include/emmintrin.h:17:
/Library/Developer/CommandLineTools/usr/lib/clang/14.0.3/include/xmmintrin.h:14:2: error: "This header is only meant to be used on x86 and x64 architecture"
#error "This header is only meant to be used on x86 and x64 architecture"
 ^
In file included from CheckSSSE3.cpp:4:
In file included from /Library/Developer/CommandLineTools/usr/lib/clang/14.0.3/include/emmintrin.h:17:
In file included from /Library/Developer/CommandLineTools/usr/lib/clang/14.0.3/include/xmmintrin.h:17:
/Library/Developer/CommandLineTools/usr/lib/clang/14.0.3/include/mmintrin.h:14:2: error: "This header is only meant to be used on x86 and x64 architecture"
#error "This header is only meant to be used on x86 and x64 architecture"
 ^
/Library/Developer/CommandLineTools/usr/lib/clang/14.0.3/include/mmintrin.h:37:5: error: use of undeclared identifier '__builtin_ia32_emms'; did you mean '__builtin_isless'?
    __builtin_ia32_emms();
    ^
/Library/Developer/CommandLineTools/usr/lib/clang/14.0.3/include/mmintrin.h:37:5: note: '__builtin_isless' declared here
/Library/Developer/CommandLineTools/usr/lib/clang/14.0.3/include/mmintrin.h:37:25: error: too few arguments to function call, expected 2, have 0
    __builtin_ia32_emms();
    ~~~~~~~~~~~~~~~~~~~~^
/Library/Developer/CommandLineTools/usr/lib/clang/14.0.3/include/mmintrin.h:54:19: error: use of undeclared identifier '__builtin_ia32_vec_init_v2si'
    return (__m64)__builtin_ia32_vec_init_v2si(__i, 0);
                  ^
/Library/Developer/CommandLineTools/usr/lib/clang/14.0.3/include/mmintrin.h:71:12: error: use of undeclared identifier '__builtin_ia32_vec_ext_v2si'
    return __builtin_ia32_vec_ext_v2si((__v2si)__m, 0);
           ^
/Library/Developer/CommandLineTools/usr/lib/clang/14.0.3/include/mmintrin.h:133:19: error: use of undeclared identifier '__builtin_ia32_packsswb'
    return (__m64)__builtin_ia32_packsswb((__v4hi)__m1, (__v4hi)__m2);
                  ^
/Library/Developer/CommandLineTools/usr/lib/clang/14.0.3/include/mmintrin.h:163:19: error: use of undeclared identifier '__builtin_ia32_packssdw'
    return (__m64)__builtin_ia32_packssdw((__v2si)__m1, (__v2si)__m2);
                  ^
/Library/Developer/CommandLineTools/usr/lib/clang/14.0.3/include/mmintrin.h:193:19: error: use of undeclared identifier '__builtin_ia32_packuswb'
    return (__m64)__builtin_ia32_packuswb((__v4hi)__m1, (__v4hi)__m2);
                  ^
/Library/Developer/CommandLineTools/usr/lib/clang/14.0.3/include/mmintrin.h:220:19: error: use of undeclared identifier '__builtin_ia32_punpckhbw'
    return (__m64)__builtin_ia32_punpckhbw((__v8qi)__m1, (__v8qi)__m2);
                  ^
/Library/Developer/CommandLineTools/usr/lib/clang/14.0.3/include/mmintrin.h:243:19: error: use of undeclared identifier '__builtin_ia32_punpckhwd'
    return (__m64)__builtin_ia32_punpckhwd((__v4hi)__m1, (__v4hi)__m2);
                  ^
/Library/Developer/CommandLineTools/usr/lib/clang/14.0.3/include/mmintrin.h:264:19: error: use of undeclared identifier '__builtin_ia32_punpckhdq'
    return (__m64)__builtin_ia32_punpckhdq((__v2si)__m1, (__v2si)__m2);
                  ^
/Library/Developer/CommandLineTools/usr/lib/clang/14.0.3/include/mmintrin.h:291:19: error: use of undeclared identifier '__builtin_ia32_punpcklbw'
    return (__m64)__builtin_ia32_punpcklbw((__v8qi)__m1, (__v8qi)__m2);
                  ^
/Library/Developer/CommandLineTools/usr/lib/clang/14.0.3/include/mmintrin.h:314:19: error: use of undeclared identifier '__builtin_ia32_punpcklwd'
    return (__m64)__builtin_ia32_punpcklwd((__v4hi)__m1, (__v4hi)__m2);
                  ^
/Library/Developer/CommandLineTools/usr/lib/clang/14.0.3/include/mmintrin.h:335:19: error: use of undeclared identifier '__builtin_ia32_punpckldq'
    return (__m64)__builtin_ia32_punpckldq((__v2si)__m1, (__v2si)__m2);
                  ^
/Library/Developer/CommandLineTools/usr/lib/clang/14.0.3/include/mmintrin.h:356:19: error: use of undeclared identifier '__builtin_ia32_paddb'; did you mean '__builtin_arm_addg'?
    return (__m64)__builtin_ia32_paddb((__v8qi)__m1, (__v8qi)__m2);
                  ^
/Library/Developer/CommandLineTools/usr/lib/clang/14.0.3/include/mmintrin.h:356:19: note: '__builtin_arm_addg' declared here
/Library/Developer/CommandLineTools/usr/lib/clang/14.0.3/include/mmintrin.h:356:19: error: first argument of MTE builtin function must be a pointer ('__v8qi' (vector of 8 'char' values) invalid)
    return (__m64)__builtin_ia32_paddb((__v8qi)__m1, (__v8qi)__m2);
                  ^                    ~~~~~~~~~~~~
/Library/Developer/CommandLineTools/usr/lib/clang/14.0.3/include/mmintrin.h:377:19: error: use of undeclared identifier '__builtin_ia32_paddw'; did you mean '__builtin_arm_addg'?
    return (__m64)__builtin_ia32_paddw((__v4hi)__m1, (__v4hi)__m2);
                  ^
/Library/Developer/CommandLineTools/usr/lib/clang/14.0.3/include/mmintrin.h:356:19: note: '__builtin_arm_addg' declared here
    return (__m64)__builtin_ia32_paddb((__v8qi)__m1, (__v8qi)__m2);
                  ^
fatal error: too many errors emitted, stopping now [-ferror-limit=]
20 errors generated.
g++ -I../include -I. -g -O2 -std=c++11 -pthread -march=native CheckAVX.cpp -o CheckFeatures -lm
In file included from CheckAVX.cpp:4:
/Library/Developer/CommandLineTools/usr/lib/clang/14.0.3/include/immintrin.h:14:2: error: "This header is only meant to be used on x86 and x64 architecture"
#error "This header is only meant to be used on x86 and x64 architecture"
 ^
In file included from CheckAVX.cpp:4:
In file included from /Library/Developer/CommandLineTools/usr/lib/clang/14.0.3/include/immintrin.h:17:
In file included from /Library/Developer/CommandLineTools/usr/lib/clang/14.0.3/include/x86gprintrin.h:15:
/Library/Developer/CommandLineTools/usr/lib/clang/14.0.3/include/hresetintrin.h:42:27: error: invalid input constraint 'a' in asm
  __asm__ ("hreset $0" :: "a"(__eax));
                          ^
In file included from CheckAVX.cpp:4:
In file included from /Library/Developer/CommandLineTools/usr/lib/clang/14.0.3/include/immintrin.h:17:
In file included from /Library/Developer/CommandLineTools/usr/lib/clang/14.0.3/include/x86gprintrin.h:25:
/Library/Developer/CommandLineTools/usr/lib/clang/14.0.3/include/crc32intrin.h:33:10: error: use of undeclared identifier '__builtin_ia32_crc32qi'
  return __builtin_ia32_crc32qi(__C, __D);
         ^
/Library/Developer/CommandLineTools/usr/lib/clang/14.0.3/include/crc32intrin.h:53:10: error: use of undeclared identifier '__builtin_ia32_crc32hi'; did you mean '__builtin_arm_crc32h'?
  return __builtin_ia32_crc32hi(__C, __D);
         ^
/Library/Developer/CommandLineTools/usr/lib/clang/14.0.3/include/crc32intrin.h:53:10: note: '__builtin_arm_crc32h' declared here
/Library/Developer/CommandLineTools/usr/lib/clang/14.0.3/include/crc32intrin.h:73:10: error: use of undeclared identifier '__builtin_ia32_crc32si'
  return __builtin_ia32_crc32si(__C, __D);
         ^
In file included from CheckAVX.cpp:4:
In file included from /Library/Developer/CommandLineTools/usr/lib/clang/14.0.3/include/immintrin.h:21:
/Library/Developer/CommandLineTools/usr/lib/clang/14.0.3/include/mmintrin.h:14:2: error: "This header is only meant to be used on x86 and x64 architecture"
#error "This header is only meant to be used on x86 and x64 architecture"
 ^
/Library/Developer/CommandLineTools/usr/lib/clang/14.0.3/include/mmintrin.h:37:5: error: use of undeclared identifier '__builtin_ia32_emms'; did you mean '__builtin_isless'?
    __builtin_ia32_emms();
    ^
/Library/Developer/CommandLineTools/usr/lib/clang/14.0.3/include/mmintrin.h:37:5: note: '__builtin_isless' declared here
/Library/Developer/CommandLineTools/usr/lib/clang/14.0.3/include/mmintrin.h:37:25: error: too few arguments to function call, expected 2, have 0
    __builtin_ia32_emms();
    ~~~~~~~~~~~~~~~~~~~~^
/Library/Developer/CommandLineTools/usr/lib/clang/14.0.3/include/mmintrin.h:54:19: error: use of undeclared identifier '__builtin_ia32_vec_init_v2si'
    return (__m64)__builtin_ia32_vec_init_v2si(__i, 0);
                  ^
/Library/Developer/CommandLineTools/usr/lib/clang/14.0.3/include/mmintrin.h:71:12: error: use of undeclared identifier '__builtin_ia32_vec_ext_v2si'
    return __builtin_ia32_vec_ext_v2si((__v2si)__m, 0);
           ^
/Library/Developer/CommandLineTools/usr/lib/clang/14.0.3/include/mmintrin.h:133:19: error: use of undeclared identifier '__builtin_ia32_packsswb'
    return (__m64)__builtin_ia32_packsswb((__v4hi)__m1, (__v4hi)__m2);
                  ^
/Library/Developer/CommandLineTools/usr/lib/clang/14.0.3/include/mmintrin.h:163:19: error: use of undeclared identifier '__builtin_ia32_packssdw'
    return (__m64)__builtin_ia32_packssdw((__v2si)__m1, (__v2si)__m2);
                  ^
/Library/Developer/CommandLineTools/usr/lib/clang/14.0.3/include/mmintrin.h:193:19: error: use of undeclared identifier '__builtin_ia32_packuswb'
    return (__m64)__builtin_ia32_packuswb((__v4hi)__m1, (__v4hi)__m2);
                  ^
/Library/Developer/CommandLineTools/usr/lib/clang/14.0.3/include/mmintrin.h:220:19: error: use of undeclared identifier '__builtin_ia32_punpckhbw'
    return (__m64)__builtin_ia32_punpckhbw((__v8qi)__m1, (__v8qi)__m2);
                  ^
/Library/Developer/CommandLineTools/usr/lib/clang/14.0.3/include/mmintrin.h:243:19: error: use of undeclared identifier '__builtin_ia32_punpckhwd'
    return (__m64)__builtin_ia32_punpckhwd((__v4hi)__m1, (__v4hi)__m2);
                  ^
/Library/Developer/CommandLineTools/usr/lib/clang/14.0.3/include/mmintrin.h:264:19: error: use of undeclared identifier '__builtin_ia32_punpckhdq'
    return (__m64)__builtin_ia32_punpckhdq((__v2si)__m1, (__v2si)__m2);
                  ^
/Library/Developer/CommandLineTools/usr/lib/clang/14.0.3/include/mmintrin.h:291:19: error: use of undeclared identifier '__builtin_ia32_punpcklbw'
    return (__m64)__builtin_ia32_punpcklbw((__v8qi)__m1, (__v8qi)__m2);
                  ^
/Library/Developer/CommandLineTools/usr/lib/clang/14.0.3/include/mmintrin.h:314:19: error: use of undeclared identifier '__builtin_ia32_punpcklwd'
    return (__m64)__builtin_ia32_punpcklwd((__v4hi)__m1, (__v4hi)__m2);
                  ^
/Library/Developer/CommandLineTools/usr/lib/clang/14.0.3/include/mmintrin.h:335:19: error: use of undeclared identifier '__builtin_ia32_punpckldq'
    return (__m64)__builtin_ia32_punpckldq((__v2si)__m1, (__v2si)__m2);
                  ^
fatal error: too many errors emitted, stopping now [-ferror-limit=]
20 errors generated.
g++ -I../include -I. -g -O2 -std=c++11 -pthread -march=native CheckPCLMUL.cpp -o CheckFeatures -lm
In file included from CheckPCLMUL.cpp:4:
/Library/Developer/CommandLineTools/usr/lib/clang/14.0.3/include/wmmintrin.h:14:2: error: "This header is only meant to be used on x86 and x64 architecture"
#error "This header is only meant to be used on x86 and x64 architecture"
 ^
In file included from CheckPCLMUL.cpp:4:
In file included from /Library/Developer/CommandLineTools/usr/lib/clang/14.0.3/include/wmmintrin.h:17:
/Library/Developer/CommandLineTools/usr/lib/clang/14.0.3/include/emmintrin.h:14:2: error: "This header is only meant to be used on x86 and x64 architecture"
#error "This header is only meant to be used on x86 and x64 architecture"
 ^
In file included from CheckPCLMUL.cpp:4:
In file included from /Library/Developer/CommandLineTools/usr/lib/clang/14.0.3/include/wmmintrin.h:17:
In file included from /Library/Developer/CommandLineTools/usr/lib/clang/14.0.3/include/emmintrin.h:17:
/Library/Developer/CommandLineTools/usr/lib/clang/14.0.3/include/xmmintrin.h:14:2: error: "This header is only meant to be used on x86 and x64 architecture"
#error "This header is only meant to be used on x86 and x64 architecture"
 ^
In file included from CheckPCLMUL.cpp:4:
In file included from /Library/Developer/CommandLineTools/usr/lib/clang/14.0.3/include/wmmintrin.h:17:
In file included from /Library/Developer/CommandLineTools/usr/lib/clang/14.0.3/include/emmintrin.h:17:
In file included from /Library/Developer/CommandLineTools/usr/lib/clang/14.0.3/include/xmmintrin.h:17:
/Library/Developer/CommandLineTools/usr/lib/clang/14.0.3/include/mmintrin.h:14:2: error: "This header is only meant to be used on x86 and x64 architecture"
#error "This header is only meant to be used on x86 and x64 architecture"
 ^
/Library/Developer/CommandLineTools/usr/lib/clang/14.0.3/include/mmintrin.h:37:5: error: use of undeclared identifier '__builtin_ia32_emms'; did you mean '__builtin_isless'?
    __builtin_ia32_emms();
    ^
/Library/Developer/CommandLineTools/usr/lib/clang/14.0.3/include/mmintrin.h:37:5: note: '__builtin_isless' declared here
/Library/Developer/CommandLineTools/usr/lib/clang/14.0.3/include/mmintrin.h:37:25: error: too few arguments to function call, expected 2, have 0
    __builtin_ia32_emms();
    ~~~~~~~~~~~~~~~~~~~~^
/Library/Developer/CommandLineTools/usr/lib/clang/14.0.3/include/mmintrin.h:54:19: error: use of undeclared identifier '__builtin_ia32_vec_init_v2si'
    return (__m64)__builtin_ia32_vec_init_v2si(__i, 0);
                  ^
/Library/Developer/CommandLineTools/usr/lib/clang/14.0.3/include/mmintrin.h:71:12: error: use of undeclared identifier '__builtin_ia32_vec_ext_v2si'
    return __builtin_ia32_vec_ext_v2si((__v2si)__m, 0);
           ^
/Library/Developer/CommandLineTools/usr/lib/clang/14.0.3/include/mmintrin.h:133:19: error: use of undeclared identifier '__builtin_ia32_packsswb'
    return (__m64)__builtin_ia32_packsswb((__v4hi)__m1, (__v4hi)__m2);
                  ^
/Library/Developer/CommandLineTools/usr/lib/clang/14.0.3/include/mmintrin.h:163:19: error: use of undeclared identifier '__builtin_ia32_packssdw'
    return (__m64)__builtin_ia32_packssdw((__v2si)__m1, (__v2si)__m2);
                  ^
/Library/Developer/CommandLineTools/usr/lib/clang/14.0.3/include/mmintrin.h:193:19: error: use of undeclared identifier '__builtin_ia32_packuswb'
    return (__m64)__builtin_ia32_packuswb((__v4hi)__m1, (__v4hi)__m2);
                  ^
/Library/Developer/CommandLineTools/usr/lib/clang/14.0.3/include/mmintrin.h:220:19: error: use of undeclared identifier '__builtin_ia32_punpckhbw'
    return (__m64)__builtin_ia32_punpckhbw((__v8qi)__m1, (__v8qi)__m2);
                  ^
/Library/Developer/CommandLineTools/usr/lib/clang/14.0.3/include/mmintrin.h:243:19: error: use of undeclared identifier '__builtin_ia32_punpckhwd'
    return (__m64)__builtin_ia32_punpckhwd((__v4hi)__m1, (__v4hi)__m2);
                  ^
/Library/Developer/CommandLineTools/usr/lib/clang/14.0.3/include/mmintrin.h:264:19: error: use of undeclared identifier '__builtin_ia32_punpckhdq'
    return (__m64)__builtin_ia32_punpckhdq((__v2si)__m1, (__v2si)__m2);
                  ^
/Library/Developer/CommandLineTools/usr/lib/clang/14.0.3/include/mmintrin.h:291:19: error: use of undeclared identifier '__builtin_ia32_punpcklbw'
    return (__m64)__builtin_ia32_punpcklbw((__v8qi)__m1, (__v8qi)__m2);
                  ^
/Library/Developer/CommandLineTools/usr/lib/clang/14.0.3/include/mmintrin.h:314:19: error: use of undeclared identifier '__builtin_ia32_punpcklwd'
    return (__m64)__builtin_ia32_punpcklwd((__v4hi)__m1, (__v4hi)__m2);
                  ^
/Library/Developer/CommandLineTools/usr/lib/clang/14.0.3/include/mmintrin.h:335:19: error: use of undeclared identifier '__builtin_ia32_punpckldq'
    return (__m64)__builtin_ia32_punpckldq((__v2si)__m1, (__v2si)__m2);
                  ^
/Library/Developer/CommandLineTools/usr/lib/clang/14.0.3/include/mmintrin.h:356:19: error: use of undeclared identifier '__builtin_ia32_paddb'; did you mean '__builtin_arm_addg'?
    return (__m64)__builtin_ia32_paddb((__v8qi)__m1, (__v8qi)__m2);
                  ^
/Library/Developer/CommandLineTools/usr/lib/clang/14.0.3/include/mmintrin.h:356:19: note: '__builtin_arm_addg' declared here
/Library/Developer/CommandLineTools/usr/lib/clang/14.0.3/include/mmintrin.h:356:19: error: first argument of MTE builtin function must be a pointer ('__v8qi' (vector of 8 'char' values) invalid)
    return (__m64)__builtin_ia32_paddb((__v8qi)__m1, (__v8qi)__m2);
                  ^                    ~~~~~~~~~~~~
fatal error: too many errors emitted, stopping now [-ferror-limit=]
20 errors generated.
g++ -I../include -I. -g -O2 -std=c++11 -pthread -march=native CheckAVX2.cpp -o CheckFeatures -lm
In file included from CheckAVX2.cpp:4:
/Library/Developer/CommandLineTools/usr/lib/clang/14.0.3/include/immintrin.h:14:2: error: "This header is only meant to be used on x86 and x64 architecture"
#error "This header is only meant to be used on x86 and x64 architecture"
 ^
In file included from CheckAVX2.cpp:4:
In file included from /Library/Developer/CommandLineTools/usr/lib/clang/14.0.3/include/immintrin.h:17:
In file included from /Library/Developer/CommandLineTools/usr/lib/clang/14.0.3/include/x86gprintrin.h:15:
/Library/Developer/CommandLineTools/usr/lib/clang/14.0.3/include/hresetintrin.h:42:27: error: invalid input constraint 'a' in asm
  __asm__ ("hreset $0" :: "a"(__eax));
                          ^
In file included from CheckAVX2.cpp:4:
In file included from /Library/Developer/CommandLineTools/usr/lib/clang/14.0.3/include/immintrin.h:17:
In file included from /Library/Developer/CommandLineTools/usr/lib/clang/14.0.3/include/x86gprintrin.h:25:
/Library/Developer/CommandLineTools/usr/lib/clang/14.0.3/include/crc32intrin.h:33:10: error: use of undeclared identifier '__builtin_ia32_crc32qi'
  return __builtin_ia32_crc32qi(__C, __D);
         ^
/Library/Developer/CommandLineTools/usr/lib/clang/14.0.3/include/crc32intrin.h:53:10: error: use of undeclared identifier '__builtin_ia32_crc32hi'; did you mean '__builtin_arm_crc32h'?
  return __builtin_ia32_crc32hi(__C, __D);
         ^
/Library/Developer/CommandLineTools/usr/lib/clang/14.0.3/include/crc32intrin.h:53:10: note: '__builtin_arm_crc32h' declared here
/Library/Developer/CommandLineTools/usr/lib/clang/14.0.3/include/crc32intrin.h:73:10: error: use of undeclared identifier '__builtin_ia32_crc32si'
  return __builtin_ia32_crc32si(__C, __D);
         ^
In file included from CheckAVX2.cpp:4:
In file included from /Library/Developer/CommandLineTools/usr/lib/clang/14.0.3/include/immintrin.h:21:
/Library/Developer/CommandLineTools/usr/lib/clang/14.0.3/include/mmintrin.h:14:2: error: "This header is only meant to be used on x86 and x64 architecture"
#error "This header is only meant to be used on x86 and x64 architecture"
 ^
/Library/Developer/CommandLineTools/usr/lib/clang/14.0.3/include/mmintrin.h:37:5: error: use of undeclared identifier '__builtin_ia32_emms'; did you mean '__builtin_isless'?
    __builtin_ia32_emms();
    ^
/Library/Developer/CommandLineTools/usr/lib/clang/14.0.3/include/mmintrin.h:37:5: note: '__builtin_isless' declared here
/Library/Developer/CommandLineTools/usr/lib/clang/14.0.3/include/mmintrin.h:37:25: error: too few arguments to function call, expected 2, have 0
    __builtin_ia32_emms();
    ~~~~~~~~~~~~~~~~~~~~^
/Library/Developer/CommandLineTools/usr/lib/clang/14.0.3/include/mmintrin.h:54:19: error: use of undeclared identifier '__builtin_ia32_vec_init_v2si'
    return (__m64)__builtin_ia32_vec_init_v2si(__i, 0);
                  ^
/Library/Developer/CommandLineTools/usr/lib/clang/14.0.3/include/mmintrin.h:71:12: error: use of undeclared identifier '__builtin_ia32_vec_ext_v2si'
    return __builtin_ia32_vec_ext_v2si((__v2si)__m, 0);
           ^
/Library/Developer/CommandLineTools/usr/lib/clang/14.0.3/include/mmintrin.h:133:19: error: use of undeclared identifier '__builtin_ia32_packsswb'
    return (__m64)__builtin_ia32_packsswb((__v4hi)__m1, (__v4hi)__m2);
                  ^
/Library/Developer/CommandLineTools/usr/lib/clang/14.0.3/include/mmintrin.h:163:19: error: use of undeclared identifier '__builtin_ia32_packssdw'
    return (__m64)__builtin_ia32_packssdw((__v2si)__m1, (__v2si)__m2);
                  ^
/Library/Developer/CommandLineTools/usr/lib/clang/14.0.3/include/mmintrin.h:193:19: error: use of undeclared identifier '__builtin_ia32_packuswb'
    return (__m64)__builtin_ia32_packuswb((__v4hi)__m1, (__v4hi)__m2);
                  ^
/Library/Developer/CommandLineTools/usr/lib/clang/14.0.3/include/mmintrin.h:220:19: error: use of undeclared identifier '__builtin_ia32_punpckhbw'
    return (__m64)__builtin_ia32_punpckhbw((__v8qi)__m1, (__v8qi)__m2);
                  ^
/Library/Developer/CommandLineTools/usr/lib/clang/14.0.3/include/mmintrin.h:243:19: error: use of undeclared identifier '__builtin_ia32_punpckhwd'
    return (__m64)__builtin_ia32_punpckhwd((__v4hi)__m1, (__v4hi)__m2);
                  ^
/Library/Developer/CommandLineTools/usr/lib/clang/14.0.3/include/mmintrin.h:264:19: error: use of undeclared identifier '__builtin_ia32_punpckhdq'
    return (__m64)__builtin_ia32_punpckhdq((__v2si)__m1, (__v2si)__m2);
                  ^
/Library/Developer/CommandLineTools/usr/lib/clang/14.0.3/include/mmintrin.h:291:19: error: use of undeclared identifier '__builtin_ia32_punpcklbw'
    return (__m64)__builtin_ia32_punpcklbw((__v8qi)__m1, (__v8qi)__m2);
                  ^
/Library/Developer/CommandLineTools/usr/lib/clang/14.0.3/include/mmintrin.h:314:19: error: use of undeclared identifier '__builtin_ia32_punpcklwd'
    return (__m64)__builtin_ia32_punpcklwd((__v4hi)__m1, (__v4hi)__m2);
                  ^
/Library/Developer/CommandLineTools/usr/lib/clang/14.0.3/include/mmintrin.h:335:19: error: use of undeclared identifier '__builtin_ia32_punpckldq'
    return (__m64)__builtin_ia32_punpckldq((__v2si)__m1, (__v2si)__m2);
                  ^
fatal error: too many errors emitted, stopping now [-ferror-limit=]
20 errors generated.
g++ -I../include -I. -g -O2 -std=c++11 -pthread -march=native CheckFMA.cpp -o CheckFeatures -lm
In file included from CheckFMA.cpp:5:
/Library/Developer/CommandLineTools/usr/lib/clang/14.0.3/include/immintrin.h:14:2: error: "This header is only meant to be used on x86 and x64 architecture"
#error "This header is only meant to be used on x86 and x64 architecture"
 ^
In file included from CheckFMA.cpp:5:
In file included from /Library/Developer/CommandLineTools/usr/lib/clang/14.0.3/include/immintrin.h:17:
In file included from /Library/Developer/CommandLineTools/usr/lib/clang/14.0.3/include/x86gprintrin.h:15:
/Library/Developer/CommandLineTools/usr/lib/clang/14.0.3/include/hresetintrin.h:42:27: error: invalid input constraint 'a' in asm
  __asm__ ("hreset $0" :: "a"(__eax));
                          ^
In file included from CheckFMA.cpp:5:
In file included from /Library/Developer/CommandLineTools/usr/lib/clang/14.0.3/include/immintrin.h:17:
In file included from /Library/Developer/CommandLineTools/usr/lib/clang/14.0.3/include/x86gprintrin.h:25:
/Library/Developer/CommandLineTools/usr/lib/clang/14.0.3/include/crc32intrin.h:33:10: error: use of undeclared identifier '__builtin_ia32_crc32qi'
  return __builtin_ia32_crc32qi(__C, __D);
         ^
/Library/Developer/CommandLineTools/usr/lib/clang/14.0.3/include/crc32intrin.h:53:10: error: use of undeclared identifier '__builtin_ia32_crc32hi'; did you mean '__builtin_arm_crc32h'?
  return __builtin_ia32_crc32hi(__C, __D);
         ^
/Library/Developer/CommandLineTools/usr/lib/clang/14.0.3/include/crc32intrin.h:53:10: note: '__builtin_arm_crc32h' declared here
/Library/Developer/CommandLineTools/usr/lib/clang/14.0.3/include/crc32intrin.h:73:10: error: use of undeclared identifier '__builtin_ia32_crc32si'
  return __builtin_ia32_crc32si(__C, __D);
         ^
In file included from CheckFMA.cpp:5:
In file included from /Library/Developer/CommandLineTools/usr/lib/clang/14.0.3/include/immintrin.h:21:
/Library/Developer/CommandLineTools/usr/lib/clang/14.0.3/include/mmintrin.h:14:2: error: "This header is only meant to be used on x86 and x64 architecture"
#error "This header is only meant to be used on x86 and x64 architecture"
 ^
/Library/Developer/CommandLineTools/usr/lib/clang/14.0.3/include/mmintrin.h:37:5: error: use of undeclared identifier '__builtin_ia32_emms'; did you mean '__builtin_isless'?
    __builtin_ia32_emms();
    ^
/Library/Developer/CommandLineTools/usr/lib/clang/14.0.3/include/mmintrin.h:37:5: note: '__builtin_isless' declared here
/Library/Developer/CommandLineTools/usr/lib/clang/14.0.3/include/mmintrin.h:37:25: error: too few arguments to function call, expected 2, have 0
    __builtin_ia32_emms();
    ~~~~~~~~~~~~~~~~~~~~^
/Library/Developer/CommandLineTools/usr/lib/clang/14.0.3/include/mmintrin.h:54:19: error: use of undeclared identifier '__builtin_ia32_vec_init_v2si'
    return (__m64)__builtin_ia32_vec_init_v2si(__i, 0);
                  ^
/Library/Developer/CommandLineTools/usr/lib/clang/14.0.3/include/mmintrin.h:71:12: error: use of undeclared identifier '__builtin_ia32_vec_ext_v2si'
    return __builtin_ia32_vec_ext_v2si((__v2si)__m, 0);
           ^
/Library/Developer/CommandLineTools/usr/lib/clang/14.0.3/include/mmintrin.h:133:19: error: use of undeclared identifier '__builtin_ia32_packsswb'
    return (__m64)__builtin_ia32_packsswb((__v4hi)__m1, (__v4hi)__m2);
                  ^
/Library/Developer/CommandLineTools/usr/lib/clang/14.0.3/include/mmintrin.h:163:19: error: use of undeclared identifier '__builtin_ia32_packssdw'
    return (__m64)__builtin_ia32_packssdw((__v2si)__m1, (__v2si)__m2);
                  ^
/Library/Developer/CommandLineTools/usr/lib/clang/14.0.3/include/mmintrin.h:193:19: error: use of undeclared identifier '__builtin_ia32_packuswb'
    return (__m64)__builtin_ia32_packuswb((__v4hi)__m1, (__v4hi)__m2);
                  ^
/Library/Developer/CommandLineTools/usr/lib/clang/14.0.3/include/mmintrin.h:220:19: error: use of undeclared identifier '__builtin_ia32_punpckhbw'
    return (__m64)__builtin_ia32_punpckhbw((__v8qi)__m1, (__v8qi)__m2);
                  ^
/Library/Developer/CommandLineTools/usr/lib/clang/14.0.3/include/mmintrin.h:243:19: error: use of undeclared identifier '__builtin_ia32_punpckhwd'
    return (__m64)__builtin_ia32_punpckhwd((__v4hi)__m1, (__v4hi)__m2);
                  ^
/Library/Developer/CommandLineTools/usr/lib/clang/14.0.3/include/mmintrin.h:264:19: error: use of undeclared identifier '__builtin_ia32_punpckhdq'
    return (__m64)__builtin_ia32_punpckhdq((__v2si)__m1, (__v2si)__m2);
                  ^
/Library/Developer/CommandLineTools/usr/lib/clang/14.0.3/include/mmintrin.h:291:19: error: use of undeclared identifier '__builtin_ia32_punpcklbw'
    return (__m64)__builtin_ia32_punpcklbw((__v8qi)__m1, (__v8qi)__m2);
                  ^
/Library/Developer/CommandLineTools/usr/lib/clang/14.0.3/include/mmintrin.h:314:19: error: use of undeclared identifier '__builtin_ia32_punpcklwd'
    return (__m64)__builtin_ia32_punpcklwd((__v4hi)__m1, (__v4hi)__m2);
                  ^
/Library/Developer/CommandLineTools/usr/lib/clang/14.0.3/include/mmintrin.h:335:19: error: use of undeclared identifier '__builtin_ia32_punpckldq'
    return (__m64)__builtin_ia32_punpckldq((__v2si)__m1, (__v2si)__m2);
                  ^
fatal error: too many errors emitted, stopping now [-ferror-limit=]
20 errors generated.
g++ -I../include -I. -g -O2 -std=c++11 -pthread -march=native CheckAVX512F.cpp -o CheckFeatures -lm
In file included from CheckAVX512F.cpp:5:
/Library/Developer/CommandLineTools/usr/lib/clang/14.0.3/include/immintrin.h:14:2: error: "This header is only meant to be used on x86 and x64 architecture"
#error "This header is only meant to be used on x86 and x64 architecture"
 ^
In file included from CheckAVX512F.cpp:5:
In file included from /Library/Developer/CommandLineTools/usr/lib/clang/14.0.3/include/immintrin.h:17:
In file included from /Library/Developer/CommandLineTools/usr/lib/clang/14.0.3/include/x86gprintrin.h:15:
/Library/Developer/CommandLineTools/usr/lib/clang/14.0.3/include/hresetintrin.h:42:27: error: invalid input constraint 'a' in asm
  __asm__ ("hreset $0" :: "a"(__eax));
                          ^
In file included from CheckAVX512F.cpp:5:
In file included from /Library/Developer/CommandLineTools/usr/lib/clang/14.0.3/include/immintrin.h:17:
In file included from /Library/Developer/CommandLineTools/usr/lib/clang/14.0.3/include/x86gprintrin.h:25:
/Library/Developer/CommandLineTools/usr/lib/clang/14.0.3/include/crc32intrin.h:33:10: error: use of undeclared identifier '__builtin_ia32_crc32qi'
  return __builtin_ia32_crc32qi(__C, __D);
         ^
/Library/Developer/CommandLineTools/usr/lib/clang/14.0.3/include/crc32intrin.h:53:10: error: use of undeclared identifier '__builtin_ia32_crc32hi'; did you mean '__builtin_arm_crc32h'?
  return __builtin_ia32_crc32hi(__C, __D);
         ^
/Library/Developer/CommandLineTools/usr/lib/clang/14.0.3/include/crc32intrin.h:53:10: note: '__builtin_arm_crc32h' declared here
/Library/Developer/CommandLineTools/usr/lib/clang/14.0.3/include/crc32intrin.h:73:10: error: use of undeclared identifier '__builtin_ia32_crc32si'
  return __builtin_ia32_crc32si(__C, __D);
         ^
In file included from CheckAVX512F.cpp:5:
In file included from /Library/Developer/CommandLineTools/usr/lib/clang/14.0.3/include/immintrin.h:21:
/Library/Developer/CommandLineTools/usr/lib/clang/14.0.3/include/mmintrin.h:14:2: error: "This header is only meant to be used on x86 and x64 architecture"
#error "This header is only meant to be used on x86 and x64 architecture"
 ^
/Library/Developer/CommandLineTools/usr/lib/clang/14.0.3/include/mmintrin.h:37:5: error: use of undeclared identifier '__builtin_ia32_emms'; did you mean '__builtin_isless'?
    __builtin_ia32_emms();
    ^
/Library/Developer/CommandLineTools/usr/lib/clang/14.0.3/include/mmintrin.h:37:5: note: '__builtin_isless' declared here
/Library/Developer/CommandLineTools/usr/lib/clang/14.0.3/include/mmintrin.h:37:25: error: too few arguments to function call, expected 2, have 0
    __builtin_ia32_emms();
    ~~~~~~~~~~~~~~~~~~~~^
/Library/Developer/CommandLineTools/usr/lib/clang/14.0.3/include/mmintrin.h:54:19: error: use of undeclared identifier '__builtin_ia32_vec_init_v2si'
    return (__m64)__builtin_ia32_vec_init_v2si(__i, 0);
                  ^
/Library/Developer/CommandLineTools/usr/lib/clang/14.0.3/include/mmintrin.h:71:12: error: use of undeclared identifier '__builtin_ia32_vec_ext_v2si'
    return __builtin_ia32_vec_ext_v2si((__v2si)__m, 0);
           ^
/Library/Developer/CommandLineTools/usr/lib/clang/14.0.3/include/mmintrin.h:133:19: error: use of undeclared identifier '__builtin_ia32_packsswb'
    return (__m64)__builtin_ia32_packsswb((__v4hi)__m1, (__v4hi)__m2);
                  ^
/Library/Developer/CommandLineTools/usr/lib/clang/14.0.3/include/mmintrin.h:163:19: error: use of undeclared identifier '__builtin_ia32_packssdw'
    return (__m64)__builtin_ia32_packssdw((__v2si)__m1, (__v2si)__m2);
                  ^
/Library/Developer/CommandLineTools/usr/lib/clang/14.0.3/include/mmintrin.h:193:19: error: use of undeclared identifier '__builtin_ia32_packuswb'
    return (__m64)__builtin_ia32_packuswb((__v4hi)__m1, (__v4hi)__m2);
                  ^
/Library/Developer/CommandLineTools/usr/lib/clang/14.0.3/include/mmintrin.h:220:19: error: use of undeclared identifier '__builtin_ia32_punpckhbw'
    return (__m64)__builtin_ia32_punpckhbw((__v8qi)__m1, (__v8qi)__m2);
                  ^
/Library/Developer/CommandLineTools/usr/lib/clang/14.0.3/include/mmintrin.h:243:19: error: use of undeclared identifier '__builtin_ia32_punpckhwd'
    return (__m64)__builtin_ia32_punpckhwd((__v4hi)__m1, (__v4hi)__m2);
                  ^
/Library/Developer/CommandLineTools/usr/lib/clang/14.0.3/include/mmintrin.h:264:19: error: use of undeclared identifier '__builtin_ia32_punpckhdq'
    return (__m64)__builtin_ia32_punpckhdq((__v2si)__m1, (__v2si)__m2);
                  ^
/Library/Developer/CommandLineTools/usr/lib/clang/14.0.3/include/mmintrin.h:291:19: error: use of undeclared identifier '__builtin_ia32_punpcklbw'
    return (__m64)__builtin_ia32_punpcklbw((__v8qi)__m1, (__v8qi)__m2);
                  ^
/Library/Developer/CommandLineTools/usr/lib/clang/14.0.3/include/mmintrin.h:314:19: error: use of undeclared identifier '__builtin_ia32_punpcklwd'
    return (__m64)__builtin_ia32_punpcklwd((__v4hi)__m1, (__v4hi)__m2);
                  ^
/Library/Developer/CommandLineTools/usr/lib/clang/14.0.3/include/mmintrin.h:335:19: error: use of undeclared identifier '__builtin_ia32_punpckldq'
    return (__m64)__builtin_ia32_punpckldq((__v2si)__m1, (__v2si)__m2);
                  ^
fatal error: too many errors emitted, stopping now [-ferror-limit=]
20 errors generated.
g++ -I../include -I. -g -O2 -std=c++11 -pthread -march=native CheckCOPY_TRAITS1.cpp -o CheckFeatures -lm
g++ -I../include -I. -g -O2 -std=c++11 -pthread -march=native CheckCOPY_TRAITS2.cpp -o CheckFeatures -lm
g++ -I../include -I. -g -O2 -std=c++11 -pthread -march=native CheckCHRONO_TIME.cpp -o CheckFeatures -lm
g++ -I../include -I. -g -O2 -std=c++11 -pthread -march=native CheckMACOS_TIME.cpp -o CheckFeatures -lm
g++ -I../include -I. -g -O2 -std=c++11 -pthread -march=native CheckPOSIX_TIME.cpp -o CheckFeatures -lm
CheckPOSIX_TIME.cpp:36:15: error: use of undeclared identifier '_ntl_GetWallTime'
   double t = _ntl_GetWallTime();
              ^
CheckPOSIX_TIME.cpp:37:11: error: use of undeclared identifier 'retval'
   return retval;
          ^
2 errors generated.
g++ -I../include -I. -g -O2 -std=c++11 -pthread -march=native CheckAES_NI.cpp -o CheckFeatures -lm
In file included from CheckAES_NI.cpp:6:
/Library/Developer/CommandLineTools/usr/lib/clang/14.0.3/include/wmmintrin.h:14:2: error: "This header is only meant to be used on x86 and x64 architecture"
#error "This header is only meant to be used on x86 and x64 architecture"
 ^
In file included from CheckAES_NI.cpp:6:
In file included from /Library/Developer/CommandLineTools/usr/lib/clang/14.0.3/include/wmmintrin.h:17:
/Library/Developer/CommandLineTools/usr/lib/clang/14.0.3/include/emmintrin.h:14:2: error: "This header is only meant to be used on x86 and x64 architecture"
#error "This header is only meant to be used on x86 and x64 architecture"
 ^
In file included from CheckAES_NI.cpp:6:
In file included from /Library/Developer/CommandLineTools/usr/lib/clang/14.0.3/include/wmmintrin.h:17:
In file included from /Library/Developer/CommandLineTools/usr/lib/clang/14.0.3/include/emmintrin.h:17:
/Library/Developer/CommandLineTools/usr/lib/clang/14.0.3/include/xmmintrin.h:14:2: error: "This header is only meant to be used on x86 and x64 architecture"
#error "This header is only meant to be used on x86 and x64 architecture"
 ^
In file included from CheckAES_NI.cpp:6:
In file included from /Library/Developer/CommandLineTools/usr/lib/clang/14.0.3/include/wmmintrin.h:17:
In file included from /Library/Developer/CommandLineTools/usr/lib/clang/14.0.3/include/emmintrin.h:17:
In file included from /Library/Developer/CommandLineTools/usr/lib/clang/14.0.3/include/xmmintrin.h:17:
/Library/Developer/CommandLineTools/usr/lib/clang/14.0.3/include/mmintrin.h:14:2: error: "This header is only meant to be used on x86 and x64 architecture"
#error "This header is only meant to be used on x86 and x64 architecture"
 ^
/Library/Developer/CommandLineTools/usr/lib/clang/14.0.3/include/mmintrin.h:37:5: error: use of undeclared identifier '__builtin_ia32_emms'; did you mean '__builtin_isless'?
    __builtin_ia32_emms();
    ^
/Library/Developer/CommandLineTools/SDKs/MacOSX.sdk/usr/include/c++/v1/math.h:671:12: note: '__builtin_isless' declared here
    return isless(__lcpp_x, __lcpp_y);
           ^
/Library/Developer/CommandLineTools/SDKs/MacOSX.sdk/usr/include/math.h:545:22: note: expanded from macro 'isless'
#define isless(x, y) __builtin_isless((x),(y))
                     ^
In file included from CheckAES_NI.cpp:6:
In file included from /Library/Developer/CommandLineTools/usr/lib/clang/14.0.3/include/wmmintrin.h:17:
In file included from /Library/Developer/CommandLineTools/usr/lib/clang/14.0.3/include/emmintrin.h:17:
In file included from /Library/Developer/CommandLineTools/usr/lib/clang/14.0.3/include/xmmintrin.h:17:
/Library/Developer/CommandLineTools/usr/lib/clang/14.0.3/include/mmintrin.h:37:25: error: too few arguments to function call, expected 2, have 0
    __builtin_ia32_emms();
    ~~~~~~~~~~~~~~~~~~~~^
/Library/Developer/CommandLineTools/usr/lib/clang/14.0.3/include/mmintrin.h:54:19: error: use of undeclared identifier '__builtin_ia32_vec_init_v2si'
    return (__m64)__builtin_ia32_vec_init_v2si(__i, 0);
                  ^
/Library/Developer/CommandLineTools/usr/lib/clang/14.0.3/include/mmintrin.h:71:12: error: use of undeclared identifier '__builtin_ia32_vec_ext_v2si'
    return __builtin_ia32_vec_ext_v2si((__v2si)__m, 0);
           ^
/Library/Developer/CommandLineTools/usr/lib/clang/14.0.3/include/mmintrin.h:133:19: error: use of undeclared identifier '__builtin_ia32_packsswb'
    return (__m64)__builtin_ia32_packsswb((__v4hi)__m1, (__v4hi)__m2);
                  ^
/Library/Developer/CommandLineTools/usr/lib/clang/14.0.3/include/mmintrin.h:163:19: error: use of undeclared identifier '__builtin_ia32_packssdw'
    return (__m64)__builtin_ia32_packssdw((__v2si)__m1, (__v2si)__m2);
                  ^
/Library/Developer/CommandLineTools/usr/lib/clang/14.0.3/include/mmintrin.h:193:19: error: use of undeclared identifier '__builtin_ia32_packuswb'
    return (__m64)__builtin_ia32_packuswb((__v4hi)__m1, (__v4hi)__m2);
                  ^
/Library/Developer/CommandLineTools/usr/lib/clang/14.0.3/include/mmintrin.h:220:19: error: use of undeclared identifier '__builtin_ia32_punpckhbw'
    return (__m64)__builtin_ia32_punpckhbw((__v8qi)__m1, (__v8qi)__m2);
                  ^
/Library/Developer/CommandLineTools/usr/lib/clang/14.0.3/include/mmintrin.h:243:19: error: use of undeclared identifier '__builtin_ia32_punpckhwd'
    return (__m64)__builtin_ia32_punpckhwd((__v4hi)__m1, (__v4hi)__m2);
                  ^
/Library/Developer/CommandLineTools/usr/lib/clang/14.0.3/include/mmintrin.h:264:19: error: use of undeclared identifier '__builtin_ia32_punpckhdq'
    return (__m64)__builtin_ia32_punpckhdq((__v2si)__m1, (__v2si)__m2);
                  ^
/Library/Developer/CommandLineTools/usr/lib/clang/14.0.3/include/mmintrin.h:291:19: error: use of undeclared identifier '__builtin_ia32_punpcklbw'
    return (__m64)__builtin_ia32_punpcklbw((__v8qi)__m1, (__v8qi)__m2);
                  ^
/Library/Developer/CommandLineTools/usr/lib/clang/14.0.3/include/mmintrin.h:314:19: error: use of undeclared identifier '__builtin_ia32_punpcklwd'
    return (__m64)__builtin_ia32_punpcklwd((__v4hi)__m1, (__v4hi)__m2);
                  ^
/Library/Developer/CommandLineTools/usr/lib/clang/14.0.3/include/mmintrin.h:335:19: error: use of undeclared identifier '__builtin_ia32_punpckldq'
    return (__m64)__builtin_ia32_punpckldq((__v2si)__m1, (__v2si)__m2);
                  ^
/Library/Developer/CommandLineTools/usr/lib/clang/14.0.3/include/mmintrin.h:356:19: error: use of undeclared identifier '__builtin_ia32_paddb'; did you mean '__builtin_arm_addg'?
    return (__m64)__builtin_ia32_paddb((__v8qi)__m1, (__v8qi)__m2);
                  ^
/Library/Developer/CommandLineTools/usr/lib/clang/14.0.3/include/mmintrin.h:356:19: note: '__builtin_arm_addg' declared here
/Library/Developer/CommandLineTools/usr/lib/clang/14.0.3/include/mmintrin.h:356:19: error: first argument of MTE builtin function must be a pointer ('__v8qi' (vector of 8 'char' values) invalid)
    return (__m64)__builtin_ia32_paddb((__v8qi)__m1, (__v8qi)__m2);
                  ^                    ~~~~~~~~~~~~
fatal error: too many errors emitted, stopping now [-ferror-limit=]
20 errors generated.
g++ -I../include -I. -g -O2 -std=c++11 -pthread -march=native CheckKMA.cpp -o CheckFeatures -lm
CheckKMA.cpp:11:2: error: "KMA not supported"
#error "KMA not supported"
 ^
1 error generated.
